nohup: ignorando entrada

  .   ____          _            __ _ _
 /\\ / ___'_ __ _ _(_)_ __  __ _ \ \ \ \
( ( )\___ | '_ | '_| | '_ \/ _` | \ \ \ \
 \\/  ___)| |_)| | | | | || (_| |  ) ) ) )
  '  |____| .__|_| |_|_| |_\__, | / / / /
 =========|_|==============|___/=/_/_/_/
 :: Spring Boot ::                (v3.2.5)

2025-12-01T18:07:49.023-03:00  INFO 269254 --- [Projeto_avamud] [           main] com.avamud.ProjetoAvamudApplication      : Starting ProjetoAvamudApplication v0.0.1-SNAPSHOT using Java 17.0.2 with PID 269254 (/home/estagiarioportal1/Área de trabalho/avamud/Avamud/target/Projeto_avamud-0.0.1-SNAPSHOT.jar started by estagiarioportal1 in /home/estagiarioportal1/Área de trabalho/avamud/Avamud)
2025-12-01T18:07:49.027-03:00  INFO 269254 --- [Projeto_avamud] [           main] com.avamud.ProjetoAvamudApplication      : The following 1 profile is active: "dev"
2025-12-01T18:07:50.641-03:00  INFO 269254 --- [Projeto_avamud] [           main] .s.d.r.c.RepositoryConfigurationDelegate : Bootstrapping Spring Data JPA repositories in DEFAULT mode.
2025-12-01T18:07:50.760-03:00  INFO 269254 --- [Projeto_avamud] [           main] .s.d.r.c.RepositoryConfigurationDelegate : Finished Spring Data repository scanning in 107 ms. Found 5 JPA repository interfaces.
2025-12-01T18:07:51.754-03:00  INFO 269254 --- [Projeto_avamud] [           main] o.s.b.w.embedded.tomcat.TomcatWebServer  : Tomcat initialized with port 8080 (http)
2025-12-01T18:07:51.789-03:00  INFO 269254 --- [Projeto_avamud] [           main] o.apache.catalina.core.StandardService   : Starting service [Tomcat]
2025-12-01T18:07:51.790-03:00  INFO 269254 --- [Projeto_avamud] [           main] o.apache.catalina.core.StandardEngine    : Starting Servlet engine: [Apache Tomcat/10.1.20]
2025-12-01T18:07:51.845-03:00  INFO 269254 --- [Projeto_avamud] [           main] o.a.c.c.C.[Tomcat].[localhost].[/]       : Initializing Spring embedded WebApplicationContext
2025-12-01T18:07:51.847-03:00  INFO 269254 --- [Projeto_avamud] [           main] w.s.c.ServletWebServerApplicationContext : Root WebApplicationContext: initialization completed in 2652 ms
2025-12-01T18:07:52.085-03:00  INFO 269254 --- [Projeto_avamud] [           main] o.hibernate.jpa.internal.util.LogHelper  : HHH000204: Processing PersistenceUnitInfo [name: default]
2025-12-01T18:07:52.173-03:00  INFO 269254 --- [Projeto_avamud] [           main] org.hibernate.Version                    : HHH000412: Hibernate ORM core version 6.4.4.Final
2025-12-01T18:07:52.210-03:00  INFO 269254 --- [Projeto_avamud] [           main] o.h.c.internal.RegionFactoryInitiator    : HHH000026: Second-level cache disabled
2025-12-01T18:07:52.470-03:00  INFO 269254 --- [Projeto_avamud] [           main] o.s.o.j.p.SpringPersistenceUnitInfo      : No LoadTimeWeaver setup: ignoring JPA class transformer
2025-12-01T18:07:52.519-03:00  INFO 269254 --- [Projeto_avamud] [           main] com.zaxxer.hikari.HikariDataSource       : HikariPool-1 - Starting...
2025-12-01T18:07:52.839-03:00  INFO 269254 --- [Projeto_avamud] [           main] com.zaxxer.hikari.pool.HikariPool        : HikariPool-1 - Added connection com.mysql.cj.jdbc.ConnectionImpl@3dea226b
2025-12-01T18:07:52.846-03:00  INFO 269254 --- [Projeto_avamud] [           main] com.zaxxer.hikari.HikariDataSource       : HikariPool-1 - Start completed.
2025-12-01T18:07:52.957-03:00  WARN 269254 --- [Projeto_avamud] [           main] org.hibernate.orm.deprecation            : HHH90000025: MySQL8Dialect does not need to be specified explicitly using 'hibernate.dialect' (remove the property setting and it will be selected by default)
2025-12-01T18:07:52.960-03:00  WARN 269254 --- [Projeto_avamud] [           main] org.hibernate.orm.deprecation            : HHH90000026: MySQL8Dialect has been deprecated; use org.hibernate.dialect.MySQLDialect instead
2025-12-01T18:07:54.852-03:00  INFO 269254 --- [Projeto_avamud] [           main] o.h.e.t.j.p.i.JtaPlatformInitiator       : HHH000489: No JTA platform available (set 'hibernate.transaction.jta.platform' to enable JTA platform integration)
2025-12-01T18:07:54.990-03:00  INFO 269254 --- [Projeto_avamud] [           main] j.LocalContainerEntityManagerFactoryBean : Initialized JPA EntityManagerFactory for persistence unit 'default'
2025-12-01T18:07:55.784-03:00  WARN 269254 --- [Projeto_avamud] [           main] JpaBaseConfiguration$JpaWebConfiguration : spring.jpa.open-in-view is enabled by default. Therefore, database queries may be performed during view rendering. Explicitly configure spring.jpa.open-in-view to disable this warning
2025-12-01T18:07:55.893-03:00  INFO 269254 --- [Projeto_avamud] [           main] o.s.b.a.w.s.WelcomePageHandlerMapping    : Adding welcome page: class path resource [static/index.html]
2025-12-01T18:07:56.353-03:00  INFO 269254 --- [Projeto_avamud] [           main] o.s.s.web.DefaultSecurityFilterChain     : Will secure any request with [org.springframework.security.web.session.DisableEncodeUrlFilter@3cc548f6, org.springframework.security.web.context.request.async.WebAsyncManagerIntegrationFilter@3fed0c04, org.springframework.security.web.context.SecurityContextHolderFilter@66d73e2d, org.springframework.security.web.header.HeaderWriterFilter@7b55f0a6, org.springframework.web.filter.CorsFilter@563bd6a4, org.springframework.security.web.authentication.logout.LogoutFilter@639bf405, org.springframework.security.web.savedrequest.RequestCacheAwareFilter@75d9b73c, org.springframework.security.web.servletapi.SecurityContextHolderAwareRequestFilter@5f1a3c4, org.springframework.security.web.authentication.AnonymousAuthenticationFilter@3549c070, org.springframework.security.web.session.SessionManagementFilter@55a2f08b, org.springframework.security.web.access.ExceptionTranslationFilter@55cf5626, org.springframework.security.web.access.intercept.AuthorizationFilter@5c6be812]
2025-12-01T18:07:56.834-03:00  INFO 269254 --- [Projeto_avamud] [           main] o.s.b.w.embedded.tomcat.TomcatWebServer  : Tomcat started on port 8080 (http) with context path ''
2025-12-01T18:07:56.866-03:00  INFO 269254 --- [Projeto_avamud] [           main] com.avamud.ProjetoAvamudApplication      : Started ProjetoAvamudApplication in 8.817 seconds (process running for 9.45)
2025-12-01T18:09:34.031-03:00  INFO 269254 --- [Projeto_avamud] [nio-8080-exec-1] o.a.c.c.C.[Tomcat].[localhost].[/]       : Initializing Spring DispatcherServlet 'dispatcherServlet'
2025-12-01T18:09:34.033-03:00  INFO 269254 --- [Projeto_avamud] [nio-8080-exec-1] o.s.web.servlet.DispatcherServlet        : Initializing Servlet 'dispatcherServlet'
2025-12-01T18:09:34.039-03:00  INFO 269254 --- [Projeto_avamud] [nio-8080-exec-1] o.s.web.servlet.DispatcherServlet        : Completed initialization in 4 ms
[AuthFilterToken] incoming request to: /users
[AuthFilterToken] no Authorization header with Bearer token found
Hibernate: insert into user (cnpj,cpf,data_de_entrada,email,login,nome,senha,telefone) values (?,?,?,?,?,?,?,?)
2025-12-01T18:09:34.428-03:00  WARN 269254 --- [Projeto_avamud] [nio-8080-exec-1] o.h.engine.jdbc.spi.SqlExceptionHelper   : SQL Error: 1062, SQLState: 23000
2025-12-01T18:09:34.428-03:00 ERROR 269254 --- [Projeto_avamud] [nio-8080-exec-1] o.h.engine.jdbc.spi.SqlExceptionHelper   : Duplicate entry 'cnpj_teste_criacao' for key 'user.UK_3u5qmcnigcywkeko72ryh4haa'
2025-12-01T18:09:34.443-03:00 ERROR 269254 --- [Projeto_avamud] [nio-8080-exec-1] o.a.c.c.C.[.[.[/].[dispatcherServlet]    : Servlet.service() for servlet [dispatcherServlet] in context with path [] threw exception [Request processing failed: org.springframework.dao.DataIntegrityViolationException: could not execute statement [Duplicate entry 'cnpj_teste_criacao' for key 'user.UK_3u5qmcnigcywkeko72ryh4haa'] [insert into user (cnpj,cpf,data_de_entrada,email,login,nome,senha,telefone) values (?,?,?,?,?,?,?,?)]; SQL [insert into user (cnpj,cpf,data_de_entrada,email,login,nome,senha,telefone) values (?,?,?,?,?,?,?,?)]; constraint [user.UK_3u5qmcnigcywkeko72ryh4haa]] with root cause

java.sql.SQLIntegrityConstraintViolationException: Duplicate entry 'cnpj_teste_criacao' for key 'user.UK_3u5qmcnigcywkeko72ryh4haa'
	at com.mysql.cj.jdbc.exceptions.SQLError.createSQLException(SQLError.java:117) ~[mysql-connector-j-8.0.31.jar!/:8.0.31]
	at com.mysql.cj.jdbc.exceptions.SQLExceptionsMapping.translateException(SQLExceptionsMapping.java:122) ~[mysql-connector-j-8.0.31.jar!/:8.0.31]
	at com.mysql.cj.jdbc.ClientPreparedStatement.executeInternal(ClientPreparedStatement.java:916) ~[mysql-connector-j-8.0.31.jar!/:8.0.31]
	at com.mysql.cj.jdbc.ClientPreparedStatement.executeUpdateInternal(ClientPreparedStatement.java:1061) ~[mysql-connector-j-8.0.31.jar!/:8.0.31]
	at com.mysql.cj.jdbc.ClientPreparedStatement.executeUpdateInternal(ClientPreparedStatement.java:1009) ~[mysql-connector-j-8.0.31.jar!/:8.0.31]
	at com.mysql.cj.jdbc.ClientPreparedStatement.executeLargeUpdate(ClientPreparedStatement.java:1320) ~[mysql-connector-j-8.0.31.jar!/:8.0.31]
	at com.mysql.cj.jdbc.ClientPreparedStatement.executeUpdate(ClientPreparedStatement.java:994) ~[mysql-connector-j-8.0.31.jar!/:8.0.31]
	at com.zaxxer.hikari.pool.ProxyPreparedStatement.executeUpdate(ProxyPreparedStatement.java:61) ~[HikariCP-5.0.1.jar!/:na]
	at com.zaxxer.hikari.pool.HikariProxyPreparedStatement.executeUpdate(HikariProxyPreparedStatement.java) ~[HikariCP-5.0.1.jar!/:na]
	at org.hibernate.engine.jdbc.internal.ResultSetReturnImpl.executeUpdate(ResultSetReturnImpl.java:194) ~[hibernate-core-6.4.4.Final.jar!/:6.4.4.Final]
	at org.hibernate.id.insert.GetGeneratedKeysDelegate.performInsert(GetGeneratedKeysDelegate.java:107) ~[hibernate-core-6.4.4.Final.jar!/:6.4.4.Final]
	at org.hibernate.engine.jdbc.mutation.internal.MutationExecutorPostInsertSingleTable.execute(MutationExecutorPostInsertSingleTable.java:100) ~[hibernate-core-6.4.4.Final.jar!/:6.4.4.Final]
	at org.hibernate.persister.entity.mutation.InsertCoordinator.doStaticInserts(InsertCoordinator.java:175) ~[hibernate-core-6.4.4.Final.jar!/:6.4.4.Final]
	at org.hibernate.persister.entity.mutation.InsertCoordinator.coordinateInsert(InsertCoordinator.java:113) ~[hibernate-core-6.4.4.Final.jar!/:6.4.4.Final]
	at org.hibernate.persister.entity.AbstractEntityPersister.insert(AbstractEntityPersister.java:2868) ~[hibernate-core-6.4.4.Final.jar!/:6.4.4.Final]
	at org.hibernate.action.internal.EntityIdentityInsertAction.execute(EntityIdentityInsertAction.java:81) ~[hibernate-core-6.4.4.Final.jar!/:6.4.4.Final]
	at org.hibernate.engine.spi.ActionQueue.execute(ActionQueue.java:670) ~[hibernate-core-6.4.4.Final.jar!/:6.4.4.Final]
	at org.hibernate.engine.spi.ActionQueue.addResolvedEntityInsertAction(ActionQueue.java:291) ~[hibernate-core-6.4.4.Final.jar!/:6.4.4.Final]
	at org.hibernate.engine.spi.ActionQueue.addInsertAction(ActionQueue.java:272) ~[hibernate-core-6.4.4.Final.jar!/:6.4.4.Final]
	at org.hibernate.engine.spi.ActionQueue.addAction(ActionQueue.java:322) ~[hibernate-core-6.4.4.Final.jar!/:6.4.4.Final]
	at org.hibernate.event.internal.AbstractSaveEventListener.addInsertAction(AbstractSaveEventListener.java:386) ~[hibernate-core-6.4.4.Final.jar!/:6.4.4.Final]
	at org.hibernate.event.internal.AbstractSaveEventListener.performSaveOrReplicate(AbstractSaveEventListener.java:300) ~[hibernate-core-6.4.4.Final.jar!/:6.4.4.Final]
	at org.hibernate.event.internal.AbstractSaveEventListener.performSave(AbstractSaveEventListener.java:219) ~[hibernate-core-6.4.4.Final.jar!/:6.4.4.Final]
	at org.hibernate.event.internal.AbstractSaveEventListener.saveWithGeneratedId(AbstractSaveEventListener.java:134) ~[hibernate-core-6.4.4.Final.jar!/:6.4.4.Final]
	at org.hibernate.event.internal.DefaultPersistEventListener.entityIsTransient(DefaultPersistEventListener.java:175) ~[hibernate-core-6.4.4.Final.jar!/:6.4.4.Final]
	at org.hibernate.event.internal.DefaultPersistEventListener.persist(DefaultPersistEventListener.java:93) ~[hibernate-core-6.4.4.Final.jar!/:6.4.4.Final]
	at org.hibernate.event.internal.DefaultPersistEventListener.onPersist(DefaultPersistEventListener.java:77) ~[hibernate-core-6.4.4.Final.jar!/:6.4.4.Final]
	at org.hibernate.event.internal.DefaultPersistEventListener.onPersist(DefaultPersistEventListener.java:54) ~[hibernate-core-6.4.4.Final.jar!/:6.4.4.Final]
	at org.hibernate.event.service.internal.EventListenerGroupImpl.fireEventOnEachListener(EventListenerGroupImpl.java:127) ~[hibernate-core-6.4.4.Final.jar!/:6.4.4.Final]
	at org.hibernate.internal.SessionImpl.firePersist(SessionImpl.java:754) ~[hibernate-core-6.4.4.Final.jar!/:6.4.4.Final]
	at org.hibernate.internal.SessionImpl.persist(SessionImpl.java:738) ~[hibernate-core-6.4.4.Final.jar!/:6.4.4.Final]
	at java.base/jdk.internal.reflect.NativeMethodAccessorImpl.invoke0(Native Method) ~[na:na]
	at java.base/jdk.internal.reflect.NativeMethodAccessorImpl.invoke(NativeMethodAccessorImpl.java:77) ~[na:na]
	at java.base/jdk.internal.reflect.DelegatingMethodAccessorImpl.invoke(DelegatingMethodAccessorImpl.java:43) ~[na:na]
	at java.base/java.lang.reflect.Method.invoke(Method.java:568) ~[na:na]
	at org.springframework.orm.jpa.ExtendedEntityManagerCreator$ExtendedEntityManagerInvocationHandler.invoke(ExtendedEntityManagerCreator.java:364) ~[spring-orm-6.1.6.jar!/:6.1.6]
	at jdk.proxy2/jdk.proxy2.$Proxy115.persist(Unknown Source) ~[na:na]
	at java.base/jdk.internal.reflect.NativeMethodAccessorImpl.invoke0(Native Method) ~[na:na]
	at java.base/jdk.internal.reflect.NativeMethodAccessorImpl.invoke(NativeMethodAccessorImpl.java:77) ~[na:na]
	at java.base/jdk.internal.reflect.DelegatingMethodAccessorImpl.invoke(DelegatingMethodAccessorImpl.java:43) ~[na:na]
	at java.base/java.lang.reflect.Method.invoke(Method.java:568) ~[na:na]
	at org.springframework.orm.jpa.SharedEntityManagerCreator$SharedEntityManagerInvocationHandler.invoke(SharedEntityManagerCreator.java:319) ~[spring-orm-6.1.6.jar!/:6.1.6]
	at jdk.proxy2/jdk.proxy2.$Proxy115.persist(Unknown Source) ~[na:na]
	at org.springframework.data.jpa.repository.support.SimpleJpaRepository.save(SimpleJpaRepository.java:618) ~[spring-data-jpa-3.2.5.jar!/:3.2.5]
	at java.base/jdk.internal.reflect.NativeMethodAccessorImpl.invoke0(Native Method) ~[na:na]
	at java.base/jdk.internal.reflect.NativeMethodAccessorImpl.invoke(NativeMethodAccessorImpl.java:77) ~[na:na]
	at java.base/jdk.internal.reflect.DelegatingMethodAccessorImpl.invoke(DelegatingMethodAccessorImpl.java:43) ~[na:na]
	at java.base/java.lang.reflect.Method.invoke(Method.java:568) ~[na:na]
	at org.springframework.aop.support.AopUtils.invokeJoinpointUsingReflection(AopUtils.java:354) ~[spring-aop-6.1.6.jar!/:6.1.6]
	at org.springframework.data.repository.core.support.RepositoryMethodInvoker$RepositoryFragmentMethodInvoker.lambda$new$0(RepositoryMethodInvoker.java:277) ~[spring-data-commons-3.2.5.jar!/:3.2.5]
	at org.springframework.data.repository.core.support.RepositoryMethodInvoker.doInvoke(RepositoryMethodInvoker.java:170) ~[spring-data-commons-3.2.5.jar!/:3.2.5]
	at org.springframework.data.repository.core.support.RepositoryMethodInvoker.invoke(RepositoryMethodInvoker.java:158) ~[spring-data-commons-3.2.5.jar!/:3.2.5]
	at org.springframework.data.repository.core.support.RepositoryComposition$RepositoryFragments.invoke(RepositoryComposition.java:516) ~[spring-data-commons-3.2.5.jar!/:3.2.5]
	at org.springframework.data.repository.core.support.RepositoryComposition.invoke(RepositoryComposition.java:285) ~[spring-data-commons-3.2.5.jar!/:3.2.5]
	at org.springframework.data.repository.core.support.RepositoryFactorySupport$ImplementationMethodExecutionInterceptor.invoke(RepositoryFactorySupport.java:628) ~[spring-data-commons-3.2.5.jar!/:3.2.5]
	at org.springframework.aop.framework.ReflectiveMethodInvocation.proceed(ReflectiveMethodInvocation.java:184) ~[spring-aop-6.1.6.jar!/:6.1.6]
	at org.springframework.data.repository.core.support.QueryExecutorMethodInterceptor.doInvoke(QueryExecutorMethodInterceptor.java:168) ~[spring-data-commons-3.2.5.jar!/:3.2.5]
	at org.springframework.data.repository.core.support.QueryExecutorMethodInterceptor.invoke(QueryExecutorMethodInterceptor.java:143) ~[spring-data-commons-3.2.5.jar!/:3.2.5]
	at org.springframework.aop.framework.ReflectiveMethodInvocation.proceed(ReflectiveMethodInvocation.java:184) ~[spring-aop-6.1.6.jar!/:6.1.6]
	at org.springframework.data.projection.DefaultMethodInvokingMethodInterceptor.invoke(DefaultMethodInvokingMethodInterceptor.java:70) ~[spring-data-commons-3.2.5.jar!/:3.2.5]
	at org.springframework.aop.framework.ReflectiveMethodInvocation.proceed(ReflectiveMethodInvocation.java:184) ~[spring-aop-6.1.6.jar!/:6.1.6]
	at org.springframework.transaction.interceptor.TransactionInterceptor$1.proceedWithInvocation(TransactionInterceptor.java:123) ~[spring-tx-6.1.6.jar!/:6.1.6]
	at org.springframework.transaction.interceptor.TransactionAspectSupport.invokeWithinTransaction(TransactionAspectSupport.java:392) ~[spring-tx-6.1.6.jar!/:6.1.6]
	at org.springframework.transaction.interceptor.TransactionInterceptor.invoke(TransactionInterceptor.java:119) ~[spring-tx-6.1.6.jar!/:6.1.6]
	at org.springframework.aop.framework.ReflectiveMethodInvocation.proceed(ReflectiveMethodInvocation.java:184) ~[spring-aop-6.1.6.jar!/:6.1.6]
	at org.springframework.dao.support.PersistenceExceptionTranslationInterceptor.invoke(PersistenceExceptionTranslationInterceptor.java:137) ~[spring-tx-6.1.6.jar!/:6.1.6]
	at org.springframework.aop.framework.ReflectiveMethodInvocation.proceed(ReflectiveMethodInvocation.java:184) ~[spring-aop-6.1.6.jar!/:6.1.6]
	at org.springframework.data.jpa.repository.support.CrudMethodMetadataPostProcessor$CrudMethodMetadataPopulatingMethodInterceptor.invoke(CrudMethodMetadataPostProcessor.java:164) ~[spring-data-jpa-3.2.5.jar!/:3.2.5]
	at org.springframework.aop.framework.ReflectiveMethodInvocation.proceed(ReflectiveMethodInvocation.java:184) ~[spring-aop-6.1.6.jar!/:6.1.6]
	at org.springframework.aop.interceptor.ExposeInvocationInterceptor.invoke(ExposeInvocationInterceptor.java:97) ~[spring-aop-6.1.6.jar!/:6.1.6]
	at org.springframework.aop.framework.ReflectiveMethodInvocation.proceed(ReflectiveMethodInvocation.java:184) ~[spring-aop-6.1.6.jar!/:6.1.6]
	at org.springframework.aop.framework.JdkDynamicAopProxy.invoke(JdkDynamicAopProxy.java:223) ~[spring-aop-6.1.6.jar!/:6.1.6]
	at jdk.proxy2/jdk.proxy2.$Proxy119.save(Unknown Source) ~[na:na]
	at com.avamud.service.UserService.criarUser(UserService.java:219) ~[!/:0.0.1-SNAPSHOT]
	at com.avamud.controller.UserController.criarUser(UserController.java:35) ~[!/:0.0.1-SNAPSHOT]
	at java.base/jdk.internal.reflect.NativeMethodAccessorImpl.invoke0(Native Method) ~[na:na]
	at java.base/jdk.internal.reflect.NativeMethodAccessorImpl.invoke(NativeMethodAccessorImpl.java:77) ~[na:na]
	at java.base/jdk.internal.reflect.DelegatingMethodAccessorImpl.invoke(DelegatingMethodAccessorImpl.java:43) ~[na:na]
	at java.base/java.lang.reflect.Method.invoke(Method.java:568) ~[na:na]
	at org.springframework.web.method.support.InvocableHandlerMethod.doInvoke(InvocableHandlerMethod.java:255) ~[spring-web-6.1.6.jar!/:6.1.6]
	at org.springframework.web.method.support.InvocableHandlerMethod.invokeForRequest(InvocableHandlerMethod.java:188) ~[spring-web-6.1.6.jar!/:6.1.6]
	at org.springframework.web.servlet.mvc.method.annotation.ServletInvocableHandlerMethod.invokeAndHandle(ServletInvocableHandlerMethod.java:118) ~[spring-webmvc-6.1.6.jar!/:6.1.6]
	at org.springframework.web.servlet.mvc.method.annotation.RequestMappingHandlerAdapter.invokeHandlerMethod(RequestMappingHandlerAdapter.java:926) ~[spring-webmvc-6.1.6.jar!/:6.1.6]
	at org.springframework.web.servlet.mvc.method.annotation.RequestMappingHandlerAdapter.handleInternal(RequestMappingHandlerAdapter.java:831) ~[spring-webmvc-6.1.6.jar!/:6.1.6]
	at org.springframework.web.servlet.mvc.method.AbstractHandlerMethodAdapter.handle(AbstractHandlerMethodAdapter.java:87) ~[spring-webmvc-6.1.6.jar!/:6.1.6]
	at org.springframework.web.servlet.DispatcherServlet.doDispatch(DispatcherServlet.java:1089) ~[spring-webmvc-6.1.6.jar!/:6.1.6]
	at org.springframework.web.servlet.DispatcherServlet.doService(DispatcherServlet.java:979) ~[spring-webmvc-6.1.6.jar!/:6.1.6]
	at org.springframework.web.servlet.FrameworkServlet.processRequest(FrameworkServlet.java:1014) ~[spring-webmvc-6.1.6.jar!/:6.1.6]
	at org.springframework.web.servlet.FrameworkServlet.doPost(FrameworkServlet.java:914) ~[spring-webmvc-6.1.6.jar!/:6.1.6]
	at jakarta.servlet.http.HttpServlet.service(HttpServlet.java:590) ~[tomcat-embed-core-10.1.20.jar!/:na]
	at org.springframework.web.servlet.FrameworkServlet.service(FrameworkServlet.java:885) ~[spring-webmvc-6.1.6.jar!/:6.1.6]
	at jakarta.servlet.http.HttpServlet.service(HttpServlet.java:658) ~[tomcat-embed-core-10.1.20.jar!/:na]
	at org.apache.catalina.core.ApplicationFilterChain.internalDoFilter(ApplicationFilterChain.java:206) ~[tomcat-embed-core-10.1.20.jar!/:na]
	at org.apache.catalina.core.ApplicationFilterChain.doFilter(ApplicationFilterChain.java:150) ~[tomcat-embed-core-10.1.20.jar!/:na]
	at org.apache.tomcat.websocket.server.WsFilter.doFilter(WsFilter.java:51) ~[tomcat-embed-websocket-10.1.20.jar!/:na]
	at org.apache.catalina.core.ApplicationFilterChain.internalDoFilter(ApplicationFilterChain.java:175) ~[tomcat-embed-core-10.1.20.jar!/:na]
	at org.apache.catalina.core.ApplicationFilterChain.doFilter(ApplicationFilterChain.java:150) ~[tomcat-embed-core-10.1.20.jar!/:na]
	at com.avamud.security.jwt.AuthFilterToken.doFilterInternal(AuthFilterToken.java:54) ~[!/:0.0.1-SNAPSHOT]
	at org.springframework.web.filter.OncePerRequestFilter.doFilter(OncePerRequestFilter.java:116) ~[spring-web-6.1.6.jar!/:6.1.6]
	at org.apache.catalina.core.ApplicationFilterChain.internalDoFilter(ApplicationFilterChain.java:175) ~[tomcat-embed-core-10.1.20.jar!/:na]
	at org.apache.catalina.core.ApplicationFilterChain.doFilter(ApplicationFilterChain.java:150) ~[tomcat-embed-core-10.1.20.jar!/:na]
	at org.springframework.web.filter.CompositeFilter$VirtualFilterChain.doFilter(CompositeFilter.java:108) ~[spring-web-6.1.6.jar!/:6.1.6]
	at org.springframework.security.web.FilterChainProxy.lambda$doFilterInternal$3(FilterChainProxy.java:231) ~[spring-security-web-6.2.4.jar!/:6.2.4]
	at org.springframework.security.web.FilterChainProxy$VirtualFilterChain.doFilter(FilterChainProxy.java:365) ~[spring-security-web-6.2.4.jar!/:6.2.4]
	at org.springframework.security.web.access.intercept.AuthorizationFilter.doFilter(AuthorizationFilter.java:100) ~[spring-security-web-6.2.4.jar!/:6.2.4]
	at org.springframework.security.web.FilterChainProxy$VirtualFilterChain.doFilter(FilterChainProxy.java:374) ~[spring-security-web-6.2.4.jar!/:6.2.4]
	at org.springframework.security.web.access.ExceptionTranslationFilter.doFilter(ExceptionTranslationFilter.java:126) ~[spring-security-web-6.2.4.jar!/:6.2.4]
	at org.springframework.security.web.access.ExceptionTranslationFilter.doFilter(ExceptionTranslationFilter.java:120) ~[spring-security-web-6.2.4.jar!/:6.2.4]
	at org.springframework.security.web.FilterChainProxy$VirtualFilterChain.doFilter(FilterChainProxy.java:374) ~[spring-security-web-6.2.4.jar!/:6.2.4]
	at org.springframework.security.web.session.SessionManagementFilter.doFilter(SessionManagementFilter.java:131) ~[spring-security-web-6.2.4.jar!/:6.2.4]
	at org.springframework.security.web.session.SessionManagementFilter.doFilter(SessionManagementFilter.java:85) ~[spring-security-web-6.2.4.jar!/:6.2.4]
	at org.springframework.security.web.FilterChainProxy$VirtualFilterChain.doFilter(FilterChainProxy.java:374) ~[spring-security-web-6.2.4.jar!/:6.2.4]
	at org.springframework.security.web.authentication.AnonymousAuthenticationFilter.doFilter(AnonymousAuthenticationFilter.java:100) ~[spring-security-web-6.2.4.jar!/:6.2.4]
	at org.springframework.security.web.FilterChainProxy$VirtualFilterChain.doFilter(FilterChainProxy.java:374) ~[spring-security-web-6.2.4.jar!/:6.2.4]
	at org.springframework.security.web.servletapi.SecurityContextHolderAwareRequestFilter.doFilter(SecurityContextHolderAwareRequestFilter.java:179) ~[spring-security-web-6.2.4.jar!/:6.2.4]
	at org.springframework.security.web.FilterChainProxy$VirtualFilterChain.doFilter(FilterChainProxy.java:374) ~[spring-security-web-6.2.4.jar!/:6.2.4]
	at org.springframework.security.web.savedrequest.RequestCacheAwareFilter.doFilter(RequestCacheAwareFilter.java:63) ~[spring-security-web-6.2.4.jar!/:6.2.4]
	at org.springframework.security.web.FilterChainProxy$VirtualFilterChain.doFilter(FilterChainProxy.java:374) ~[spring-security-web-6.2.4.jar!/:6.2.4]
	at org.springframework.security.web.authentication.logout.LogoutFilter.doFilter(LogoutFilter.java:107) ~[spring-security-web-6.2.4.jar!/:6.2.4]
	at org.springframework.security.web.authentication.logout.LogoutFilter.doFilter(LogoutFilter.java:93) ~[spring-security-web-6.2.4.jar!/:6.2.4]
	at org.springframework.security.web.FilterChainProxy$VirtualFilterChain.doFilter(FilterChainProxy.java:374) ~[spring-security-web-6.2.4.jar!/:6.2.4]
	at org.springframework.web.filter.CorsFilter.doFilterInternal(CorsFilter.java:91) ~[spring-web-6.1.6.jar!/:6.1.6]
	at org.springframework.web.filter.OncePerRequestFilter.doFilter(OncePerRequestFilter.java:116) ~[spring-web-6.1.6.jar!/:6.1.6]
	at org.springframework.security.web.FilterChainProxy$VirtualFilterChain.doFilter(FilterChainProxy.java:374) ~[spring-security-web-6.2.4.jar!/:6.2.4]
	at org.springframework.security.web.header.HeaderWriterFilter.doHeadersAfter(HeaderWriterFilter.java:90) ~[spring-security-web-6.2.4.jar!/:6.2.4]
	at org.springframework.security.web.header.HeaderWriterFilter.doFilterInternal(HeaderWriterFilter.java:75) ~[spring-security-web-6.2.4.jar!/:6.2.4]
	at org.springframework.web.filter.OncePerRequestFilter.doFilter(OncePerRequestFilter.java:116) ~[spring-web-6.1.6.jar!/:6.1.6]
	at org.springframework.security.web.FilterChainProxy$VirtualFilterChain.doFilter(FilterChainProxy.java:374) ~[spring-security-web-6.2.4.jar!/:6.2.4]
	at org.springframework.security.web.context.SecurityContextHolderFilter.doFilter(SecurityContextHolderFilter.java:82) ~[spring-security-web-6.2.4.jar!/:6.2.4]
	at org.springframework.security.web.context.SecurityContextHolderFilter.doFilter(SecurityContextHolderFilter.java:69) ~[spring-security-web-6.2.4.jar!/:6.2.4]
	at org.springframework.security.web.FilterChainProxy$VirtualFilterChain.doFilter(FilterChainProxy.java:374) ~[spring-security-web-6.2.4.jar!/:6.2.4]
	at org.springframework.security.web.context.request.async.WebAsyncManagerIntegrationFilter.doFilterInternal(WebAsyncManagerIntegrationFilter.java:62) ~[spring-security-web-6.2.4.jar!/:6.2.4]
	at org.springframework.web.filter.OncePerRequestFilter.doFilter(OncePerRequestFilter.java:116) ~[spring-web-6.1.6.jar!/:6.1.6]
	at org.springframework.security.web.FilterChainProxy$VirtualFilterChain.doFilter(FilterChainProxy.java:374) ~[spring-security-web-6.2.4.jar!/:6.2.4]
	at org.springframework.security.web.session.DisableEncodeUrlFilter.doFilterInternal(DisableEncodeUrlFilter.java:42) ~[spring-security-web-6.2.4.jar!/:6.2.4]
	at org.springframework.web.filter.OncePerRequestFilter.doFilter(OncePerRequestFilter.java:116) ~[spring-web-6.1.6.jar!/:6.1.6]
	at org.springframework.security.web.FilterChainProxy$VirtualFilterChain.doFilter(FilterChainProxy.java:374) ~[spring-security-web-6.2.4.jar!/:6.2.4]
	at org.springframework.security.web.FilterChainProxy.doFilterInternal(FilterChainProxy.java:233) ~[spring-security-web-6.2.4.jar!/:6.2.4]
	at org.springframework.security.web.FilterChainProxy.doFilter(FilterChainProxy.java:191) ~[spring-security-web-6.2.4.jar!/:6.2.4]
	at org.springframework.web.filter.CompositeFilter$VirtualFilterChain.doFilter(CompositeFilter.java:113) ~[spring-web-6.1.6.jar!/:6.1.6]
	at org.springframework.web.servlet.handler.HandlerMappingIntrospector.lambda$createCacheFilter$3(HandlerMappingIntrospector.java:195) ~[spring-webmvc-6.1.6.jar!/:6.1.6]
	at org.springframework.web.filter.CompositeFilter$VirtualFilterChain.doFilter(CompositeFilter.java:113) ~[spring-web-6.1.6.jar!/:6.1.6]
	at org.springframework.web.filter.CompositeFilter.doFilter(CompositeFilter.java:74) ~[spring-web-6.1.6.jar!/:6.1.6]
	at org.springframework.security.config.annotation.web.configuration.WebMvcSecurityConfiguration$CompositeFilterChainProxy.doFilter(WebMvcSecurityConfiguration.java:230) ~[spring-security-config-6.2.4.jar!/:6.2.4]
	at org.springframework.web.filter.DelegatingFilterProxy.invokeDelegate(DelegatingFilterProxy.java:352) ~[spring-web-6.1.6.jar!/:6.1.6]
	at org.springframework.web.filter.DelegatingFilterProxy.doFilter(DelegatingFilterProxy.java:268) ~[spring-web-6.1.6.jar!/:6.1.6]
	at org.apache.catalina.core.ApplicationFilterChain.internalDoFilter(ApplicationFilterChain.java:175) ~[tomcat-embed-core-10.1.20.jar!/:na]
	at org.apache.catalina.core.ApplicationFilterChain.doFilter(ApplicationFilterChain.java:150) ~[tomcat-embed-core-10.1.20.jar!/:na]
	at org.springframework.web.filter.RequestContextFilter.doFilterInternal(RequestContextFilter.java:100) ~[spring-web-6.1.6.jar!/:6.1.6]
	at org.springframework.web.filter.OncePerRequestFilter.doFilter(OncePerRequestFilter.java:116) ~[spring-web-6.1.6.jar!/:6.1.6]
	at org.apache.catalina.core.ApplicationFilterChain.internalDoFilter(ApplicationFilterChain.java:175) ~[tomcat-embed-core-10.1.20.jar!/:na]
	at org.apache.catalina.core.ApplicationFilterChain.doFilter(ApplicationFilterChain.java:150) ~[tomcat-embed-core-10.1.20.jar!/:na]
	at org.springframework.web.filter.FormContentFilter.doFilterInternal(FormContentFilter.java:93) ~[spring-web-6.1.6.jar!/:6.1.6]
	at org.springframework.web.filter.OncePerRequestFilter.doFilter(OncePerRequestFilter.java:116) ~[spring-web-6.1.6.jar!/:6.1.6]
	at org.apache.catalina.core.ApplicationFilterChain.internalDoFilter(ApplicationFilterChain.java:175) ~[tomcat-embed-core-10.1.20.jar!/:na]
	at org.apache.catalina.core.ApplicationFilterChain.doFilter(ApplicationFilterChain.java:150) ~[tomcat-embed-core-10.1.20.jar!/:na]
	at org.springframework.web.filter.CharacterEncodingFilter.doFilterInternal(CharacterEncodingFilter.java:201) ~[spring-web-6.1.6.jar!/:6.1.6]
	at org.springframework.web.filter.OncePerRequestFilter.doFilter(OncePerRequestFilter.java:116) ~[spring-web-6.1.6.jar!/:6.1.6]
	at org.apache.catalina.core.ApplicationFilterChain.internalDoFilter(ApplicationFilterChain.java:175) ~[tomcat-embed-core-10.1.20.jar!/:na]
	at org.apache.catalina.core.ApplicationFilterChain.doFilter(ApplicationFilterChain.java:150) ~[tomcat-embed-core-10.1.20.jar!/:na]
	at org.apache.catalina.core.StandardWrapperValve.invoke(StandardWrapperValve.java:167) ~[tomcat-embed-core-10.1.20.jar!/:na]
	at org.apache.catalina.core.StandardContextValve.invoke(StandardContextValve.java:90) ~[tomcat-embed-core-10.1.20.jar!/:na]
	at org.apache.catalina.authenticator.AuthenticatorBase.invoke(AuthenticatorBase.java:482) ~[tomcat-embed-core-10.1.20.jar!/:na]
	at org.apache.catalina.core.StandardHostValve.invoke(StandardHostValve.java:115) ~[tomcat-embed-core-10.1.20.jar!/:na]
	at org.apache.catalina.valves.ErrorReportValve.invoke(ErrorReportValve.java:93) ~[tomcat-embed-core-10.1.20.jar!/:na]
	at org.apache.catalina.core.StandardEngineValve.invoke(StandardEngineValve.java:74) ~[tomcat-embed-core-10.1.20.jar!/:na]
	at org.apache.catalina.connector.CoyoteAdapter.service(CoyoteAdapter.java:344) ~[tomcat-embed-core-10.1.20.jar!/:na]
	at org.apache.coyote.http11.Http11Processor.service(Http11Processor.java:391) ~[tomcat-embed-core-10.1.20.jar!/:na]
	at org.apache.coyote.AbstractProcessorLight.process(AbstractProcessorLight.java:63) ~[tomcat-embed-core-10.1.20.jar!/:na]
	at org.apache.coyote.AbstractProtocol$ConnectionHandler.process(AbstractProtocol.java:896) ~[tomcat-embed-core-10.1.20.jar!/:na]
	at org.apache.tomcat.util.net.NioEndpoint$SocketProcessor.doRun(NioEndpoint.java:1736) ~[tomcat-embed-core-10.1.20.jar!/:na]
	at org.apache.tomcat.util.net.SocketProcessorBase.run(SocketProcessorBase.java:52) ~[tomcat-embed-core-10.1.20.jar!/:na]
	at org.apache.tomcat.util.threads.ThreadPoolExecutor.runWorker(ThreadPoolExecutor.java:1191) ~[tomcat-embed-core-10.1.20.jar!/:na]
	at org.apache.tomcat.util.threads.ThreadPoolExecutor$Worker.run(ThreadPoolExecutor.java:659) ~[tomcat-embed-core-10.1.20.jar!/:na]
	at org.apache.tomcat.util.threads.TaskThread$WrappingRunnable.run(TaskThread.java:63) ~[tomcat-embed-core-10.1.20.jar!/:na]
	at java.base/java.lang.Thread.run(Thread.java:833) ~[na:na]

[AuthFilterToken] incoming request to: /users
[AuthFilterToken] no Authorization header with Bearer token found
Hibernate: insert into user (cnpj,cpf,data_de_entrada,email,login,nome,senha,telefone) values (?,?,?,?,?,?,?,?)
[AuthFilterToken] incoming request to: /
[AuthFilterToken] no Authorization header with Bearer token found
[AuthFilterToken] incoming request to: /assets/index-D64Rq8bW.css
[AuthFilterToken] no Authorization header with Bearer token found
[AuthFilterToken] incoming request to: /assets/index-CeHirFLV.js
[AuthFilterToken] no Authorization header with Bearer token found
[AuthFilterToken] incoming request to: /assets/welcome-image-CLu-5IlH.png
[AuthFilterToken] no Authorization header with Bearer token found
[AuthFilterToken] incoming request to: /vite.svg
[AuthFilterToken] no Authorization header with Bearer token found
[AuthFilterToken] incoming request to: /users
[AuthFilterToken] no Authorization header with Bearer token found
Hibernate: select u1_0.id,u1_0.cnpj,u1_0.cpf,u1_0.data_de_entrada,u1_0.email,u1_0.login,u1_0.nome,u1_0.senha,u1_0.telefone from user u1_0
Hibernate: select p1_0.user_id,p1_0.id,p1_0.data_pagamento,p1_0.valor from payment p1_0 where p1_0.user_id=?
Hibernate: select p1_0.user_id,p1_0.id,p1_0.data_pagamento,p1_0.valor from payment p1_0 where p1_0.user_id=?
Hibernate: select p1_0.user_id,p1_0.id,p1_0.data_pagamento,p1_0.valor from payment p1_0 where p1_0.user_id=?
Hibernate: select p1_0.user_id,p1_0.id,p1_0.data_pagamento,p1_0.valor from payment p1_0 where p1_0.user_id=?
Hibernate: select p1_0.user_id,p1_0.id,p1_0.data_pagamento,p1_0.valor from payment p1_0 where p1_0.user_id=?
Hibernate: select p1_0.user_id,p1_0.id,p1_0.data_pagamento,p1_0.valor from payment p1_0 where p1_0.user_id=?
Hibernate: select p1_0.user_id,p1_0.id,p1_0.data_pagamento,p1_0.valor from payment p1_0 where p1_0.user_id=?
Hibernate: select p1_0.user_id,p1_0.id,p1_0.data_pagamento,p1_0.valor from payment p1_0 where p1_0.user_id=?
Hibernate: select p1_0.user_id,p1_0.id,p1_0.data_pagamento,p1_0.valor from payment p1_0 where p1_0.user_id=?
Hibernate: select p1_0.user_id,p1_0.id,p1_0.data_pagamento,p1_0.valor from payment p1_0 where p1_0.user_id=?
Hibernate: select p1_0.user_id,p1_0.id,p1_0.data_pagamento,p1_0.valor from payment p1_0 where p1_0.user_id=?
Hibernate: select p1_0.user_id,p1_0.id,p1_0.data_pagamento,p1_0.valor from payment p1_0 where p1_0.user_id=?
Hibernate: select p1_0.user_id,p1_0.id,p1_0.data_pagamento,p1_0.valor from payment p1_0 where p1_0.user_id=?
Hibernate: select p1_0.user_id,p1_0.id,p1_0.data_pagamento,p1_0.valor from payment p1_0 where p1_0.user_id=?
Hibernate: select p1_0.user_id,p1_0.id,p1_0.data_pagamento,p1_0.valor from payment p1_0 where p1_0.user_id=?
Hibernate: select p1_0.user_id,p1_0.id,p1_0.data_pagamento,p1_0.valor from payment p1_0 where p1_0.user_id=?
Hibernate: select a1_0.user_id,a1_0.id,a1_0.bairro,a1_0.cep,a1_0.cidade,a1_0.estado,a1_0.numero,a1_0.rua from address a1_0 where a1_0.user_id=?
Hibernate: select a1_0.user_id,a1_0.id,a1_0.bairro,a1_0.cep,a1_0.cidade,a1_0.estado,a1_0.numero,a1_0.rua from address a1_0 where a1_0.user_id=?
Hibernate: select a1_0.user_id,a1_0.id,a1_0.bairro,a1_0.cep,a1_0.cidade,a1_0.estado,a1_0.numero,a1_0.rua from address a1_0 where a1_0.user_id=?
Hibernate: select a1_0.user_id,a1_0.id,a1_0.bairro,a1_0.cep,a1_0.cidade,a1_0.estado,a1_0.numero,a1_0.rua from address a1_0 where a1_0.user_id=?
Hibernate: select a1_0.user_id,a1_0.id,a1_0.bairro,a1_0.cep,a1_0.cidade,a1_0.estado,a1_0.numero,a1_0.rua from address a1_0 where a1_0.user_id=?
Hibernate: select a1_0.user_id,a1_0.id,a1_0.bairro,a1_0.cep,a1_0.cidade,a1_0.estado,a1_0.numero,a1_0.rua from address a1_0 where a1_0.user_id=?
Hibernate: select a1_0.user_id,a1_0.id,a1_0.bairro,a1_0.cep,a1_0.cidade,a1_0.estado,a1_0.numero,a1_0.rua from address a1_0 where a1_0.user_id=?
Hibernate: select a1_0.user_id,a1_0.id,a1_0.bairro,a1_0.cep,a1_0.cidade,a1_0.estado,a1_0.numero,a1_0.rua from address a1_0 where a1_0.user_id=?
Hibernate: select a1_0.user_id,a1_0.id,a1_0.bairro,a1_0.cep,a1_0.cidade,a1_0.estado,a1_0.numero,a1_0.rua from address a1_0 where a1_0.user_id=?
Hibernate: select a1_0.user_id,a1_0.id,a1_0.bairro,a1_0.cep,a1_0.cidade,a1_0.estado,a1_0.numero,a1_0.rua from address a1_0 where a1_0.user_id=?
Hibernate: select a1_0.user_id,a1_0.id,a1_0.bairro,a1_0.cep,a1_0.cidade,a1_0.estado,a1_0.numero,a1_0.rua from address a1_0 where a1_0.user_id=?
Hibernate: select a1_0.user_id,a1_0.id,a1_0.bairro,a1_0.cep,a1_0.cidade,a1_0.estado,a1_0.numero,a1_0.rua from address a1_0 where a1_0.user_id=?
Hibernate: select a1_0.user_id,a1_0.id,a1_0.bairro,a1_0.cep,a1_0.cidade,a1_0.estado,a1_0.numero,a1_0.rua from address a1_0 where a1_0.user_id=?
Hibernate: select a1_0.user_id,a1_0.id,a1_0.bairro,a1_0.cep,a1_0.cidade,a1_0.estado,a1_0.numero,a1_0.rua from address a1_0 where a1_0.user_id=?
Hibernate: select a1_0.user_id,a1_0.id,a1_0.bairro,a1_0.cep,a1_0.cidade,a1_0.estado,a1_0.numero,a1_0.rua from address a1_0 where a1_0.user_id=?
Hibernate: select a1_0.user_id,a1_0.id,a1_0.bairro,a1_0.cep,a1_0.cidade,a1_0.estado,a1_0.numero,a1_0.rua from address a1_0 where a1_0.user_id=?
[AuthFilterToken] incoming request to: /auth/login
[AuthFilterToken] token found (prefix): eyJhbGciOiJIUzUxMiJ9...
[AuthFilterToken] token validated OK
[AuthFilterToken] username extracted from token: admin
Hibernate: select u1_0.id,u1_0.cnpj,u1_0.cpf,u1_0.data_de_entrada,u1_0.email,u1_0.login,u1_0.nome,u1_0.senha,u1_0.telefone from user u1_0 where u1_0.login=?
Erro ao processar o token : User not found
Hibernate: select u1_0.id,u1_0.cnpj,u1_0.cpf,u1_0.data_de_entrada,u1_0.email,u1_0.login,u1_0.nome,u1_0.senha,u1_0.telefone from user u1_0 where u1_0.login=?
Hibernate: select p1_0.user_id,p1_0.id,p1_0.data_pagamento,p1_0.valor from payment p1_0 where p1_0.user_id=?
[AuthFilterToken] incoming request to: /auth/login
[AuthFilterToken] token found (prefix): eyJhbGciOiJIUzUxMiJ9...
[AuthFilterToken] token validated OK
[AuthFilterToken] username extracted from token: admin
Hibernate: select u1_0.id,u1_0.cnpj,u1_0.cpf,u1_0.data_de_entrada,u1_0.email,u1_0.login,u1_0.nome,u1_0.senha,u1_0.telefone from user u1_0 where u1_0.login=?
Erro ao processar o token : User not found
Hibernate: select u1_0.id,u1_0.cnpj,u1_0.cpf,u1_0.data_de_entrada,u1_0.email,u1_0.login,u1_0.nome,u1_0.senha,u1_0.telefone from user u1_0 where u1_0.login=?
Hibernate: select p1_0.user_id,p1_0.id,p1_0.data_pagamento,p1_0.valor from payment p1_0 where p1_0.user_id=?
[AuthFilterToken] incoming request to: /payments/history
[AuthFilterToken] token found (prefix): eyJhbGciOiJIUzUxMiJ9...
[AuthFilterToken] token validated OK
[AuthFilterToken] username extracted from token: kelysouza@gmail.com
Hibernate: select u1_0.id,u1_0.cnpj,u1_0.cpf,u1_0.data_de_entrada,u1_0.email,u1_0.login,u1_0.nome,u1_0.senha,u1_0.telefone from user u1_0 where u1_0.login=?
Hibernate: select p1_0.user_id,p1_0.id,p1_0.data_pagamento,p1_0.valor from payment p1_0 where p1_0.user_id=?
[AuthFilterToken] userDetails loaded: kelysouza@gmail.com
[AuthFilterToken] authentication set in SecurityContext
Hibernate: select ph1_0.id,ph1_0.action,ph1_0.action_date,ph1_0.payment_id,ph1_0.user_id from payment_history ph1_0
[AuthFilterToken] incoming request to: /payments/history
[AuthFilterToken] token found (prefix): eyJhbGciOiJIUzUxMiJ9...
[AuthFilterToken] token validated OK
[AuthFilterToken] username extracted from token: kelysouza@gmail.com
Hibernate: select u1_0.id,u1_0.cnpj,u1_0.cpf,u1_0.data_de_entrada,u1_0.email,u1_0.login,u1_0.nome,u1_0.senha,u1_0.telefone from user u1_0 where u1_0.login=?
Hibernate: select p1_0.user_id,p1_0.id,p1_0.data_pagamento,p1_0.valor from payment p1_0 where p1_0.user_id=?
[AuthFilterToken] userDetails loaded: kelysouza@gmail.com
[AuthFilterToken] authentication set in SecurityContext
Hibernate: select ph1_0.id,ph1_0.action,ph1_0.action_date,ph1_0.payment_id,ph1_0.user_id from payment_history ph1_0
[AuthFilterToken] incoming request to: /documents/upload
[AuthFilterToken] token found (prefix): eyJhbGciOiJIUzUxMiJ9...
[AuthFilterToken] token validated OK
[AuthFilterToken] username extracted from token: kelysouza@gmail.com
Hibernate: select u1_0.id,u1_0.cnpj,u1_0.cpf,u1_0.data_de_entrada,u1_0.email,u1_0.login,u1_0.nome,u1_0.senha,u1_0.telefone from user u1_0 where u1_0.login=?
Hibernate: select p1_0.user_id,p1_0.id,p1_0.data_pagamento,p1_0.valor from payment p1_0 where p1_0.user_id=?
[AuthFilterToken] userDetails loaded: kelysouza@gmail.com
[AuthFilterToken] authentication set in SecurityContext
[AuthFilterToken] incoming request to: /auth/login
[AuthFilterToken] token found (prefix): eyJhbGciOiJIUzUxMiJ9...
[AuthFilterToken] token validated OK
[AuthFilterToken] username extracted from token: kelysouza@gmail.com
Hibernate: select u1_0.id,u1_0.cnpj,u1_0.cpf,u1_0.data_de_entrada,u1_0.email,u1_0.login,u1_0.nome,u1_0.senha,u1_0.telefone from user u1_0 where u1_0.login=?
Hibernate: select p1_0.user_id,p1_0.id,p1_0.data_pagamento,p1_0.valor from payment p1_0 where p1_0.user_id=?
[AuthFilterToken] userDetails loaded: kelysouza@gmail.com
[AuthFilterToken] authentication set in SecurityContext
Hibernate: select u1_0.id,u1_0.cnpj,u1_0.cpf,u1_0.data_de_entrada,u1_0.email,u1_0.login,u1_0.nome,u1_0.senha,u1_0.telefone from user u1_0 where u1_0.login=?
Hibernate: select p1_0.user_id,p1_0.id,p1_0.data_pagamento,p1_0.valor from payment p1_0 where p1_0.user_id=?
[AuthFilterToken] incoming request to: /payments
[AuthFilterToken] token found (prefix): eyJhbGciOiJIUzUxMiJ9...
[AuthFilterToken] token validated OK
[AuthFilterToken] username extracted from token: hermesfons
[AuthFilterToken] incoming request to: /payments/1/documents
[AuthFilterToken] token found (prefix): eyJhbGciOiJIUzUxMiJ9...
[AuthFilterToken] incoming request to: /payments/history
[AuthFilterToken] token found (prefix): eyJhbGciOiJIUzUxMiJ9...
[AuthFilterToken] token validated OK
Hibernate: select u1_0.id,u1_0.cnpj,u1_0.cpf,u1_0.data_de_entrada,u1_0.email,u1_0.login,u1_0.nome,u1_0.senha,u1_0.telefone from user u1_0 where u1_0.login=?
[AuthFilterToken] token validated OK
[AuthFilterToken] username extracted from token: hermesfons
[AuthFilterToken] username extracted from token: hermesfons
Hibernate: select p1_0.user_id,p1_0.id,p1_0.data_pagamento,p1_0.valor from payment p1_0 where p1_0.user_id=?
Hibernate: select u1_0.id,u1_0.cnpj,u1_0.cpf,u1_0.data_de_entrada,u1_0.email,u1_0.login,u1_0.nome,u1_0.senha,u1_0.telefone from user u1_0 where u1_0.login=?
Hibernate: select u1_0.id,u1_0.cnpj,u1_0.cpf,u1_0.data_de_entrada,u1_0.email,u1_0.login,u1_0.nome,u1_0.senha,u1_0.telefone from user u1_0 where u1_0.login=?
[AuthFilterToken] userDetails loaded: hermesfons
[AuthFilterToken] authentication set in SecurityContext
Hibernate: select p1_0.user_id,p1_0.id,p1_0.data_pagamento,p1_0.valor from payment p1_0 where p1_0.user_id=?
Hibernate: select p1_0.user_id,p1_0.id,p1_0.data_pagamento,p1_0.valor from payment p1_0 where p1_0.user_id=?
[AuthFilterToken] userDetails loaded: hermesfons
[AuthFilterToken] authentication set in SecurityContext
Hibernate: select p1_0.id,p1_0.data_pagamento,p1_0.user_id,p1_0.valor from payment p1_0
Hibernate: select ph1_0.id,ph1_0.action,ph1_0.action_date,ph1_0.payment_id,ph1_0.user_id from payment_history ph1_0
[AuthFilterToken] userDetails loaded: hermesfons
[AuthFilterToken] authentication set in SecurityContext
[AuthFilterToken] incoming request to: /payments
[AuthFilterToken] token found (prefix): eyJhbGciOiJIUzUxMiJ9...
[AuthFilterToken] token validated OK
[AuthFilterToken] username extracted from token: hermesfons
[AuthFilterToken] incoming request to: /payments/history
[AuthFilterToken] token found (prefix): eyJhbGciOiJIUzUxMiJ9...
[AuthFilterToken] token validated OK
[AuthFilterToken] username extracted from token: hermesfons
Hibernate: select u1_0.id,u1_0.cnpj,u1_0.cpf,u1_0.data_de_entrada,u1_0.email,u1_0.login,u1_0.nome,u1_0.senha,u1_0.telefone from user u1_0 where u1_0.login=?
Hibernate: select u1_0.id,u1_0.cnpj,u1_0.cpf,u1_0.data_de_entrada,u1_0.email,u1_0.login,u1_0.nome,u1_0.senha,u1_0.telefone from user u1_0 where u1_0.login=?
Hibernate: select p1_0.id,p1_0.data_pagamento,u1_0.id,u1_0.cnpj,u1_0.cpf,u1_0.data_de_entrada,u1_0.email,u1_0.login,u1_0.nome,u1_0.senha,u1_0.telefone,p1_0.valor from payment p1_0 left join user u1_0 on u1_0.id=p1_0.user_id where p1_0.id=?
Hibernate: select p1_0.user_id,p1_0.id,p1_0.data_pagamento,p1_0.valor from payment p1_0 where p1_0.user_id=?
Hibernate: select p1_0.user_id,p1_0.id,p1_0.data_pagamento,p1_0.valor from payment p1_0 where p1_0.user_id=?
[AuthFilterToken] userDetails loaded: hermesfons
[AuthFilterToken] authentication set in SecurityContext
[AuthFilterToken] userDetails loaded: hermesfons
[AuthFilterToken] authentication set in SecurityContext
Hibernate: select p1_0.id,p1_0.data_pagamento,p1_0.user_id,p1_0.valor from payment p1_0
Hibernate: select ph1_0.id,ph1_0.action,ph1_0.action_date,ph1_0.payment_id,ph1_0.user_id from payment_history ph1_0
[AuthFilterToken] incoming request to: /payments/1/documents
[AuthFilterToken] token found (prefix): eyJhbGciOiJIUzUxMiJ9...
[AuthFilterToken] token validated OK
[AuthFilterToken] username extracted from token: hermesfons
Hibernate: select u1_0.id,u1_0.cnpj,u1_0.cpf,u1_0.data_de_entrada,u1_0.email,u1_0.login,u1_0.nome,u1_0.senha,u1_0.telefone from user u1_0 where u1_0.login=?
Hibernate: select p1_0.user_id,p1_0.id,p1_0.data_pagamento,p1_0.valor from payment p1_0 where p1_0.user_id=?
[AuthFilterToken] userDetails loaded: hermesfons
[AuthFilterToken] authentication set in SecurityContext
Hibernate: select p1_0.id,p1_0.data_pagamento,u1_0.id,u1_0.cnpj,u1_0.cpf,u1_0.data_de_entrada,u1_0.email,u1_0.login,u1_0.nome,u1_0.senha,u1_0.telefone,p1_0.valor from payment p1_0 left join user u1_0 on u1_0.id=p1_0.user_id where p1_0.id=?
[AuthFilterToken] incoming request to: /payments/2/documents
[AuthFilterToken] token found (prefix): eyJhbGciOiJIUzUxMiJ9...
[AuthFilterToken] token validated OK
[AuthFilterToken] username extracted from token: hermesfons
Hibernate: select u1_0.id,u1_0.cnpj,u1_0.cpf,u1_0.data_de_entrada,u1_0.email,u1_0.login,u1_0.nome,u1_0.senha,u1_0.telefone from user u1_0 where u1_0.login=?
Hibernate: select p1_0.user_id,p1_0.id,p1_0.data_pagamento,p1_0.valor from payment p1_0 where p1_0.user_id=?
[AuthFilterToken] userDetails loaded: hermesfons
[AuthFilterToken] authentication set in SecurityContext
Hibernate: select p1_0.id,p1_0.data_pagamento,u1_0.id,u1_0.cnpj,u1_0.cpf,u1_0.data_de_entrada,u1_0.email,u1_0.login,u1_0.nome,u1_0.senha,u1_0.telefone,p1_0.valor from payment p1_0 left join user u1_0 on u1_0.id=p1_0.user_id where p1_0.id=?
[AuthFilterToken] incoming request to: /payments/2/documents
[AuthFilterToken] token found (prefix): eyJhbGciOiJIUzUxMiJ9...
[AuthFilterToken] token validated OK
[AuthFilterToken] username extracted from token: hermesfons
Hibernate: select u1_0.id,u1_0.cnpj,u1_0.cpf,u1_0.data_de_entrada,u1_0.email,u1_0.login,u1_0.nome,u1_0.senha,u1_0.telefone from user u1_0 where u1_0.login=?
Hibernate: select p1_0.user_id,p1_0.id,p1_0.data_pagamento,p1_0.valor from payment p1_0 where p1_0.user_id=?
[AuthFilterToken] userDetails loaded: hermesfons
[AuthFilterToken] authentication set in SecurityContext
[AuthFilterToken] incoming request to: /payments/3/documents
[AuthFilterToken] token found (prefix): eyJhbGciOiJIUzUxMiJ9...
Hibernate: select p1_0.id,p1_0.data_pagamento,u1_0.id,u1_0.cnpj,u1_0.cpf,u1_0.data_de_entrada,u1_0.email,u1_0.login,u1_0.nome,u1_0.senha,u1_0.telefone,p1_0.valor from payment p1_0 left join user u1_0 on u1_0.id=p1_0.user_id where p1_0.id=?
[AuthFilterToken] token validated OK
[AuthFilterToken] username extracted from token: hermesfons
Hibernate: select u1_0.id,u1_0.cnpj,u1_0.cpf,u1_0.data_de_entrada,u1_0.email,u1_0.login,u1_0.nome,u1_0.senha,u1_0.telefone from user u1_0 where u1_0.login=?
Hibernate: select p1_0.user_id,p1_0.id,p1_0.data_pagamento,p1_0.valor from payment p1_0 where p1_0.user_id=?
[AuthFilterToken] userDetails loaded: hermesfons
[AuthFilterToken] authentication set in SecurityContext
Hibernate: select p1_0.id,p1_0.data_pagamento,u1_0.id,u1_0.cnpj,u1_0.cpf,u1_0.data_de_entrada,u1_0.email,u1_0.login,u1_0.nome,u1_0.senha,u1_0.telefone,p1_0.valor from payment p1_0 left join user u1_0 on u1_0.id=p1_0.user_id where p1_0.id=?
[AuthFilterToken] incoming request to: /payments/3/documents
[AuthFilterToken] token found (prefix): eyJhbGciOiJIUzUxMiJ9...
[AuthFilterToken] token validated OK
[AuthFilterToken] username extracted from token: hermesfons
Hibernate: select u1_0.id,u1_0.cnpj,u1_0.cpf,u1_0.data_de_entrada,u1_0.email,u1_0.login,u1_0.nome,u1_0.senha,u1_0.telefone from user u1_0 where u1_0.login=?
Hibernate: select p1_0.user_id,p1_0.id,p1_0.data_pagamento,p1_0.valor from payment p1_0 where p1_0.user_id=?
[AuthFilterToken] incoming request to: /payments/4/documents
[AuthFilterToken] token found (prefix): eyJhbGciOiJIUzUxMiJ9...
[AuthFilterToken] userDetails loaded: hermesfons
[AuthFilterToken] authentication set in SecurityContext
[AuthFilterToken] token validated OK
[AuthFilterToken] username extracted from token: hermesfons
Hibernate: select p1_0.id,p1_0.data_pagamento,u1_0.id,u1_0.cnpj,u1_0.cpf,u1_0.data_de_entrada,u1_0.email,u1_0.login,u1_0.nome,u1_0.senha,u1_0.telefone,p1_0.valor from payment p1_0 left join user u1_0 on u1_0.id=p1_0.user_id where p1_0.id=?
Hibernate: select u1_0.id,u1_0.cnpj,u1_0.cpf,u1_0.data_de_entrada,u1_0.email,u1_0.login,u1_0.nome,u1_0.senha,u1_0.telefone from user u1_0 where u1_0.login=?
Hibernate: select p1_0.user_id,p1_0.id,p1_0.data_pagamento,p1_0.valor from payment p1_0 where p1_0.user_id=?
[AuthFilterToken] userDetails loaded: hermesfons
[AuthFilterToken] authentication set in SecurityContext
Hibernate: select p1_0.id,p1_0.data_pagamento,u1_0.id,u1_0.cnpj,u1_0.cpf,u1_0.data_de_entrada,u1_0.email,u1_0.login,u1_0.nome,u1_0.senha,u1_0.telefone,p1_0.valor from payment p1_0 left join user u1_0 on u1_0.id=p1_0.user_id where p1_0.id=?
[AuthFilterToken] incoming request to: /payments/4/documents
[AuthFilterToken] token found (prefix): eyJhbGciOiJIUzUxMiJ9...
[AuthFilterToken] token validated OK
[AuthFilterToken] username extracted from token: hermesfons
Hibernate: select u1_0.id,u1_0.cnpj,u1_0.cpf,u1_0.data_de_entrada,u1_0.email,u1_0.login,u1_0.nome,u1_0.senha,u1_0.telefone from user u1_0 where u1_0.login=?
Hibernate: select p1_0.user_id,p1_0.id,p1_0.data_pagamento,p1_0.valor from payment p1_0 where p1_0.user_id=?
[AuthFilterToken] userDetails loaded: hermesfons
[AuthFilterToken] authentication set in SecurityContext
Hibernate: select p1_0.id,p1_0.data_pagamento,u1_0.id,u1_0.cnpj,u1_0.cpf,u1_0.data_de_entrada,u1_0.email,u1_0.login,u1_0.nome,u1_0.senha,u1_0.telefone,p1_0.valor from payment p1_0 left join user u1_0 on u1_0.id=p1_0.user_id where p1_0.id=?
2025-12-01T18:21:55.720-03:00  INFO 269254 --- [Projeto_avamud] [ionShutdownHook] j.LocalContainerEntityManagerFactoryBean : Closing JPA EntityManagerFactory for persistence unit 'default'
2025-12-01T18:21:55.723-03:00  INFO 269254 --- [Projeto_avamud] [ionShutdownHook] com.zaxxer.hikari.HikariDataSource       : HikariPool-1 - Shutdown initiated...
2025-12-01T18:21:55.755-03:00  INFO 269254 --- [Projeto_avamud] [ionShutdownHook] com.zaxxer.hikari.HikariDataSource       : HikariPool-1 - Shutdown completed.
